// Jest Snapshot v1, https://goo.gl/fbAQLP

exports[`Saved renders correctly 1`] = `
<View
  style={
    Object {
      "backgroundColor": "#ffcd99",
      "flex": 1,
    }
  }
>
  <Modal
    animationType="slide"
    hardwareAccelerated={false}
    transparent={false}
    visible={false}
  >
    <View
      style={
        Object {
          "backgroundColor": "#abe0e8",
          "flex": 1,
          "height": 1334,
          "padding": 15,
          "width": 750,
        }
      }
    >
      <View
        style={
          Object {
            "alignItems": "center",
          }
        }
      >
        <Image
          source={
            Object {
              "uri": undefined,
            }
          }
          style={
            Object {
              "borderRadius": 20,
              "height": 667,
              "marginBottom": 10,
              "marginTop": 10,
              "width": 740,
            }
          }
        />
      </View>
      <View
        style={
          Object {
            "alignItems": "center",
            "borderBottomColor": "black",
            "borderBottomWidth": 1,
            "flexDirection": "row",
            "justifyContent": "space-between",
            "marginBottom": 10,
            "paddingBottom": 10,
          }
        }
      >
        <Text
          style={
            Object {
              "fontSize": 30,
              "fontWeight": "bold",
              "lineHeight": 30,
            }
          }
        />
        <Text
          style={
            Object {
              "fontSize": 26,
              "lineHeight": 30,
            }
          }
        >
           years
        </Text>
        <Text
          style={
            Object {
              "fontSize": 22,
              "lineHeight": 30,
            }
          }
        >
          Female
        </Text>
      </View>
      <View
        style={
          Object {
            "alignItems": "center",
            "borderRadius": 5,
            "borderWidth": 1,
            "height": 40,
            "justifyContent": "center",
            "marginBottom": 30,
            "marginLeft": "auto",
            "marginRight": "auto",
            "marginTop": 20,
            "width": 200,
          }
        }
      >
        <View
          accessibilityRole="button"
          accessibilityStates={Array []}
          accessible={true}
          isTVSelectable={true}
          onResponderGrant={[Function]}
          onResponderMove={[Function]}
          onResponderRelease={[Function]}
          onResponderTerminate={[Function]}
          onResponderTerminationRequest={[Function]}
          onStartShouldSetResponder={[Function]}
          style={
            Object {
              "opacity": 1,
            }
          }
        >
          <View
            style={
              Array [
                Object {},
              ]
            }
          >
            <Text
              style={
                Array [
                  Object {
                    "color": "#007AFF",
                    "fontSize": 18,
                    "padding": 8,
                    "textAlign": "center",
                  },
                  Object {
                    "color": "black",
                  },
                ]
              }
            >
              Close Profile
            </Text>
          </View>
        </View>
      </View>
    </View>
  </Modal>
</View>
`;
